C:/Users/Suz/STM32/configs/Core/Src/main.c:160:5:main	8	static
C:/Users/Suz/STM32/configs/Core/Src/main.c:252:6:SystemClock_Config	88	static
C:/Users/Suz/STM32/configs/Core/Src/main.c:295:13:MX_TIM1_Init	48	static
C:/Users/Suz/STM32/configs/Core/Src/main.c:349:13:MX_TIM2_Init	48	static
C:/Users/Suz/STM32/configs/Core/Src/main.c:402:13:MX_TIM3_Init	64	static
C:/Users/Suz/STM32/configs/Core/Src/main.c:470:13:MX_TIM4_Init	64	static
C:/Users/Suz/STM32/configs/Core/Src/main.c:537:13:MX_GPIO_Init	40	static
C:/Users/Suz/STM32/configs/Core/Src/main.c:572:6:calibrate_antenna	16	static
C:/Users/Suz/STM32/configs/Core/Src/main.c:588:6:is_in_range	24	static
C:/Users/Suz/STM32/configs/Core/Src/main.c:592:6:play_note	16	static
C:/Users/Suz/STM32/configs/Core/Src/main.c:611:6:test_servos	8	static
C:/Users/Suz/STM32/configs/Core/Src/main.c:646:6:play_all_notes	16	static
C:/Users/Suz/STM32/configs/Core/Src/main.c:651:6:play_all_notes_with_delay	16	static
C:/Users/Suz/STM32/configs/Core/Src/main.c:657:6:play_music	24	static
C:/Users/Suz/STM32/configs/Core/Src/main.c:703:6:print_to_com_port	128	static
C:/Users/Suz/STM32/configs/Core/Src/main.c:710:6:print_note_to_com_port	112	static
C:/Users/Suz/STM32/configs/Core/Src/main.c:715:6:HAL_TIM_IC_CaptureCallback	24	static
C:/Users/Suz/STM32/configs/Core/Src/main.c:763:6:Error_Handler	4	static,ignoring_inline_asm
