C:/Users/Suz/STM32/configs/Core/Src/main.c:159:5:main	8	static
C:/Users/Suz/STM32/configs/Core/Src/main.c:251:6:SystemClock_Config	88	static
C:/Users/Suz/STM32/configs/Core/Src/main.c:294:13:MX_TIM1_Init	48	static
C:/Users/Suz/STM32/configs/Core/Src/main.c:348:13:MX_TIM2_Init	48	static
C:/Users/Suz/STM32/configs/Core/Src/main.c:401:13:MX_TIM3_Init	64	static
C:/Users/Suz/STM32/configs/Core/Src/main.c:469:13:MX_TIM4_Init	64	static
C:/Users/Suz/STM32/configs/Core/Src/main.c:536:13:MX_GPIO_Init	40	static
C:/Users/Suz/STM32/configs/Core/Src/main.c:571:6:calibrate_antenna	16	static
C:/Users/Suz/STM32/configs/Core/Src/main.c:587:6:is_in_range	24	static
C:/Users/Suz/STM32/configs/Core/Src/main.c:591:6:play_note	16	static
C:/Users/Suz/STM32/configs/Core/Src/main.c:610:6:test_servos	8	static
C:/Users/Suz/STM32/configs/Core/Src/main.c:645:6:play_all_notes	16	static
C:/Users/Suz/STM32/configs/Core/Src/main.c:650:6:play_all_notes_with_delay	16	static
C:/Users/Suz/STM32/configs/Core/Src/main.c:656:6:play_music	24	static
C:/Users/Suz/STM32/configs/Core/Src/main.c:708:6:print_to_com_port	128	static
C:/Users/Suz/STM32/configs/Core/Src/main.c:715:6:print_note_to_com_port	112	static
C:/Users/Suz/STM32/configs/Core/Src/main.c:720:6:HAL_TIM_IC_CaptureCallback	24	static
C:/Users/Suz/STM32/configs/Core/Src/main.c:768:6:Error_Handler	4	static,ignoring_inline_asm
